<string>:185: SyntaxWarning: invalid escape sequence '\{'
<string>:466: SyntaxWarning: invalid escape sequence '\{'
<string>:467: SyntaxWarning: invalid escape sequence '\{'
<string>:468: SyntaxWarning: invalid escape sequence '\{'
<string>:469: SyntaxWarning: invalid escape sequence '\{'
<string>:485: SyntaxWarning: invalid escape sequence '\{'
<string>:486: SyntaxWarning: invalid escape sequence '\{'
<string>:487: SyntaxWarning: invalid escape sequence '\{'
<string>:488: SyntaxWarning: invalid escape sequence '\{'
<string>:489: SyntaxWarning: invalid escape sequence '\{'
<string>:494: SyntaxWarning: invalid escape sequence '\{'
<string>:495: SyntaxWarning: invalid escape sequence '\{'
<string>:507: SyntaxWarning: invalid escape sequence '\{'
<string>:508: SyntaxWarning: invalid escape sequence '\{'
<string>:509: SyntaxWarning: invalid escape sequence '\{'
<string>:510: SyntaxWarning: invalid escape sequence '\{'
<string>:545: SyntaxWarning: invalid escape sequence '\{'
<string>:546: SyntaxWarning: invalid escape sequence '\{'
<string>:547: SyntaxWarning: invalid escape sequence '\{'
<string>:554: SyntaxWarning: invalid escape sequence '\{'
<string>:555: SyntaxWarning: invalid escape sequence '\{'
<string>:556: SyntaxWarning: invalid escape sequence '\{'
<string>:557: SyntaxWarning: invalid escape sequence '\{'
<string>:558: SyntaxWarning: invalid escape sequence '\{'
<string>:566: SyntaxWarning: invalid escape sequence '\{'
<string>:567: SyntaxWarning: invalid escape sequence '\{'
<string>:568: SyntaxWarning: invalid escape sequence '\{'
<string>:569: SyntaxWarning: invalid escape sequence '\{'
<string>:570: SyntaxWarning: invalid escape sequence '\}'
<string>:572: SyntaxWarning: invalid escape sequence '\{'
<string>:573: SyntaxWarning: invalid escape sequence '\{'
<string>:574: SyntaxWarning: invalid escape sequence '\{'
<string>:575: SyntaxWarning: invalid escape sequence '\{'
<string>:576: SyntaxWarning: invalid escape sequence '\}'
<string>:578: SyntaxWarning: invalid escape sequence '\{'
<string>:579: SyntaxWarning: invalid escape sequence '\{'
<string>:580: SyntaxWarning: invalid escape sequence '\{'
<string>:581: SyntaxWarning: invalid escape sequence '\}'
<string>:583: SyntaxWarning: invalid escape sequence '\{'
<string>:584: SyntaxWarning: invalid escape sequence '\{'
<string>:585: SyntaxWarning: invalid escape sequence '\{'
<string>:586: SyntaxWarning: invalid escape sequence '\{'
<string>:587: SyntaxWarning: invalid escape sequence '\}'
<string>:733: SyntaxWarning: invalid escape sequence '\{'
<string>:1027: SyntaxWarning: invalid escape sequence '\{'
<string>:1063: SyntaxWarning: invalid escape sequence '\{'
<string>:1064: SyntaxWarning: invalid escape sequence '\{'
<string>:1065: SyntaxWarning: invalid escape sequence '\{'
<string>:1066: SyntaxWarning: invalid escape sequence '\{'
<string>:1067: SyntaxWarning: invalid escape sequence '\{'
<string>:1068: SyntaxWarning: invalid escape sequence '\{'
<string>:1071: SyntaxWarning: invalid escape sequence '\{'
<string>:1072: SyntaxWarning: invalid escape sequence '\{'
<string>:1073: SyntaxWarning: invalid escape sequence '\{'
<string>:1083: SyntaxWarning: invalid escape sequence '\{'
<string>:1084: SyntaxWarning: invalid escape sequence '\{'
<string>:1115: SyntaxWarning: invalid escape sequence '\{'
<string>:1116: SyntaxWarning: invalid escape sequence '\{'
<string>:1119: SyntaxWarning: invalid escape sequence '\{'
<string>:1120: SyntaxWarning: invalid escape sequence '\{'
<string>:1121: SyntaxWarning: invalid escape sequence '\{'
<string>:1122: SyntaxWarning: invalid escape sequence '\{'
<string>:1123: SyntaxWarning: invalid escape sequence '\{'
<string>:1124: SyntaxWarning: invalid escape sequence '\{'
<string>:1138: SyntaxWarning: invalid escape sequence '\{'
<string>:1139: SyntaxWarning: invalid escape sequence '\{'
<string>:1140: SyntaxWarning: invalid escape sequence '\{'
<string>:1164: SyntaxWarning: invalid escape sequence '\{'
<string>:1165: SyntaxWarning: invalid escape sequence '\{'
<string>:1168: SyntaxWarning: invalid escape sequence '\{'
<string>:1169: SyntaxWarning: invalid escape sequence '\{'
[replay] 48 ops: 37 succeeded, 11 failed
[replay] FUSE mounted at /tmp/replay_fuse_1503650
[replay] config.json → /tmp/replay_config_1503650.json
[replay] config contents:
{"annotations":{"run.oci.handler":"value1"},"hooks":{"startContainer":[{"args":["arg1","start","start","start","start","start","start","start","start","start","start","start","start","start","start","start","start","stop","start","start","start","start","start","start","start","start","start","start","start","start","start","start","start","start","start","start","start","start","start","start","start","start","start","start","start","start","start","start","start","start","start","start","start","start","start","start","start","start","start","start","start","start","start","start","start","start","start","start","start","start","start","start","start","start","start","start","start","start","start","start","start","start","start","start","start","start","start","start","start","start","start","start","start","start","start","start","start","start","start","start","start","start","start","start","start","start","start","start","start","start","start","start","start","start","start","start","start","start","start","start","start","start","start","start","start","start","start","start","start","start","start","start","start","start","start","start","start","start","start","start","start","start","start","start","start","start","start","start","start","start","start","start","start","start","start","start","start","start","start","start","start","start","start","start","start","start","start","start","start","start","start","start","start","start","start","start","start","start","start","start","start","start","start","start","start","start","start","start","start","start","start","start","stop","start","start","start","start","start","start","start","start","start","start","start","start","start","start"],"path":"/usr/bin/nginx"}]},"linux":{"namespaces":[{"type":"mount"}],"personality":{"domain":"LINUX32"},"resources":{"cpu":{"shares":512},"memory":{"limit":268435456,"swap":-1},"pids":{"limit":-1}}},"mounts":[{"destination":"/proc","options":["rbind","rslave"],"source":"/tmp/fuzz_bind_src","type":"overlay"},{"destination":"/dev","options":["rbind","rslave"],"source":"/tmp/fuzz_bind_src","type":"sysfs"}],"ociVersion":"1.0.0","platform":{"arch":"arm64","os":"linux"},"process":{"args":["/bin/bash"],"capabilities":{"ambient":[],"bounding":[],"effective":[],"inheritable":[],"permitted":[]},"cwd":"/root","env":["PATH=/usr/local/sbin:/usr/local/bin:/usr/sbin:/usr/bin:/sbin:/bin"],"noNewPrivileges":true,"rlimits":[{"hard":-1,"soft":1024,"type":"RLIMIT_MEMLOCK"},{"hard":-1,"soft":1024,"type":"RLIMIT_MEMLOCK"},{"hard":-1,"soft":1024,"type":"RLIMIT_MEMLOCK"},{"hard":-1,"soft":1024,"type":"RLIMIT_MEMLOCK"},{"hard":-1,"soft":1024,"type":"RLIMIT_MEMLOCK"},{"hard":-1,"soft":1024,"type":"RLIMIT_MEMLOCK"},{"hard":-1,"soft":1024,"type":"RLIMIT_MEMLOCK"},{"hard":-1,"soft":1024,"type":"RLIMIT_MEMLOCK"},{"hard":-1,"soft":1024,"type":"RLIMIT_MEMLOCK"},{"hard":-1,"soft":1024,"type":"RLIMIT_MEMLOCK"},{"hard":-1,"soft":1024,"type":"RLIMIT_MEMLOCK"},{"hard":-1,"soft":1024,"type":"RLIMIT_MEMLOCK"},{"hard":-1,"soft":1024,"type":"RLIMIT_MEMLOCK"},{"hard":-1,"soft":69,"type":"RLIMIT_MEMLOCK"},{"hard":-1,"soft":1024,"type":"RLIMIT_MEMLOCK"},{"hard":-1,"soft":1024,"type":"RLIMIT_CORE"},{"hard":-1,"soft":1024,"type":"RLIMIT_MEMLOCK"},{"hard":-1,"soft":1024,"type":"RLIMIT_MEMLOCK"},{"hard":-1,"soft":1024,"type":"RLIMIT_MEMLOCK"},{"hard":-1,"soft":512,"type":"RLIMIT_MEMLOCK"},{"hard":-1,"soft":1024,"type":"RLIMIT_MEMLOCK"},{"hard":-1,"soft":1024,"type":"RLIMIT_MEMLOCK"},{"hard":1024,"soft":1024,"type":"RLIMIT_MEMLOCK"},{"hard":-1,"soft":1024,"type":"RLIMIT_MEMLOCK"},{"hard":-1,"soft":1024,"type":"RLIMIT_MEMLOCK"},{"hard":-1,"soft":1024,"type":"RLIMIT_MEMLOCK"},{"hard":-1,"soft":1024,"type":"RLIMIT_MEMLOCK"},{"hard":-1,"soft":1024,"type":"RLIMIT_MEMLOCK"},{"hard":-1,"soft":1024,"type":"RLIMIT_MEMLOCK"},{"hard":-1,"soft":1024,"type":"RLIMIT_MEMLOCK"},{"hard":-1,"soft":1024,"type":"RLIMIT_MEMLOCK"},{"hard":-1,"soft":1024,"type":"RLIMIT_MEMLOCK"},{"hard":-1,"soft":1024,"type":"RLIMIT_MEMLOCK"},{"hard":-1,"soft":1024,"type":"RLIMIT_MEMLOCK"},{"hard":-1,"soft":1024,"type":"RLIMIT_MEMLOCK"},{"hard":-1,"soft":1024,"type":"RLIMIT_MEMLOCK"},{"hard":-1,"soft":1024,"type":"RLIMIT_MEMLOCK"},{"hard":-1,"soft":1024,"type":"RLIMIT_MEMLOCK"},{"hard":-1,"soft":1024,"type":"RLIMIT_MEMLOCK"},{"hard":-1,"soft":1024,"type":"RLIMIT_MEMLOCK"},{"hard":-1,"soft":1024,"type":"RLIMIT_MEMLOCK"},{"hard":-1,"soft":1024,"type":"RLIMIT_MEMLOCK"},{"hard":-1,"soft":1024,"type":"RLIMIT_MEMLOCK"},{"hard":-1,"soft":1024,"type":"RLIMIT_MEMLOCK"},{"hard":-1,"soft":1024,"type":"RLIMIT_MEMLOCK"},{"hard":-1,"soft":1024,"type":"RLIMIT_MEMLOCK"},{"hard":-1,"soft":1024,"type":"RLIMIT_MEMLOCK"},{"hard":-1,"soft":512,"type":"RLIMIT_MEMLOCK"},{"hard":-1,"soft":1024,"type":"RLIMIT_MEMLOCK"},{"hard":-1,"soft":1024,"type":"RLIMIT_DATA"},{"hard":-1,"soft":1024,"type":"RLIMIT_MEMLOCK"},{"hard":-1,"soft":1024,"type":"RLIMIT_MEMLOCK"},{"hard":-1,"soft":1024,"type":"RLIMIT_MEMLOCK"},{"hard":-1,"soft":1024,"type":"RLIMIT_MEMLOCK"},{"hard":-1,"soft":1024,"type":"RLIMIT_MEMLOCK"},{"hard":-1,"soft":1024,"type":"RLIMIT_MEMLOCK"},{"hard":-1,"soft":1024,"type":"RLIMIT_MEMLOCK"},{"hard":-1,"soft":1024,"type":"RLIMIT_MEMLOCK"},{"hard":-1,"soft":1024,"type":"RLIMIT_MEMLOCK"},{"hard":-1,"soft":1024,"type":"RLIMIT_MEMLOCK"},{"hard":-1,"soft":1024,"type":"RLIMIT_MEMLOCK"},{"hard":-1,"soft":1024,"type":"RLIMIT_MEMLOCK"},{"hard":-1,"soft":1024,"type":"RLIMIT_MEMLOCK"},{"hard":-1,"soft":1024,"type":"RLIMIT_MEMLOCK"},{"hard":-1,"soft":1024,"type":"RLIMIT_MEMLOCK"},{"hard":-1,"soft":1024,"type":"RLIMIT_MEMLOCK"},{"hard":-1,"soft":1024,"type":"RLIMIT_MEMLOCK"},{"hard":-1,"soft":1024,"type":"RLIMIT_MEMLOCK"},{"hard":-1,"soft":1024,"type":"RLIMIT_MEMLOCK"},{"hard":-1,"soft":1024,"type":"RLIMIT_MEMLOCK"},{"hard":-1,"soft":1024,"type":"RLIMIT_MEMLOCK"},{"hard":-1,"soft":1024,"type":"RLIMIT_MEMLOCK"},{"hard":-1,"soft":1024,"type":"RLIMIT_MEMLOCK"},{"hard":-1,"soft":1024,"type":"RLIMIT_MEMLOCK"},{"hard":-1,"soft":1024,"type":"RLIMIT_MEMLOCK"},{"hard":-1,"soft":1024,"type":"RLIMIT_MEMLOCK"},{"hard":-1,"soft":2773751674784,"type":"RLIMIT_MEMLOCK"},{"hard":-1,"soft":1024,"type":"RLIMIT_MEMLOCK"},{"hard":-1,"soft":1024,"type":"RLIMIT_NICE"},{"hard":-1,"soft":1024,"type":"RLIMIT_MEMLOCK"},{"hard":-1,"soft":1024,"type":"RLIMIT_MEMLOCK"},{"hard":-1,"soft":1024,"type":"RLIMIT_MEMLOCK"},{"hard":-1,"soft":1024,"type":"RLIMIT_MEMLOCK"},{"hard":-1,"soft":1024,"type":"RLIMIT_MEMLOCK"},{"hard":-1,"soft":1024,"type":"RLIMIT_MEMLOCK"},{"hard":-1,"soft":1024,"type":"RLIMIT_MEMLOCK"},{"hard":-1,"soft":1024,"type":"RLIMIT_MEMLOCK"},{"hard":-1,"soft":1024,"type":"RLIMIT_MEMLOCK"},{"hard":-1,"soft":1024,"type":"RLIMIT_MEMLOCK"},{"hard":-1,"soft":1024,"type":"RLIMIT_MEMLOCK"},{"hard":-1,"soft":1024,"type":"RLIMIT_MEMLOCK"},{"hard":-1,"soft":1024,"type":"RLIMIT_MEMLOCK"},{"hard":-1,"soft":1024,"type":"RLIMIT_MEMLOCK"},{"hard":-1,"soft":1024,"type":"RLIMIT_MEMLOCK"},{"hard":-1,"soft":1024,"type":"RLIMIT_MEMLOCK"},{"hard":-1,"soft":1024,"type":"RLIMIT_MEMLOCK"},{"hard":-1,"soft":1024,"type":"RLIMIT_MEMLOCK"},{"hard":-1,"soft":1024,"type":"RLIMIT_MEMLOCK"},{"hard":-1,"soft":1024,"type":"RLIMIT_MEMLOCK"},{"hard":-1,"soft":1024,"type":"RLIMIT_MEMLOCK"},{"hard":-1,"soft":1024,"type":"RLIMIT_MEMLOCK"},{"hard":-1,"soft":1024,"type":"RLIMIT_MEMLOCK"},{"hard":-1,"soft":9,"type":"RLIMIT_CPU"}],"terminal":false,"user":{"gid":246,"uid":22}},"root":{"path":"/tmp/replay_fuse_1503650","readonly":false}}
[combined_6] ✗ No crash — exit code 0
