<string>:185: SyntaxWarning: invalid escape sequence '\{'
<string>:466: SyntaxWarning: invalid escape sequence '\{'
<string>:467: SyntaxWarning: invalid escape sequence '\{'
<string>:468: SyntaxWarning: invalid escape sequence '\{'
<string>:469: SyntaxWarning: invalid escape sequence '\{'
<string>:485: SyntaxWarning: invalid escape sequence '\{'
<string>:486: SyntaxWarning: invalid escape sequence '\{'
<string>:487: SyntaxWarning: invalid escape sequence '\{'
<string>:488: SyntaxWarning: invalid escape sequence '\{'
<string>:489: SyntaxWarning: invalid escape sequence '\{'
<string>:494: SyntaxWarning: invalid escape sequence '\{'
<string>:495: SyntaxWarning: invalid escape sequence '\{'
<string>:507: SyntaxWarning: invalid escape sequence '\{'
<string>:508: SyntaxWarning: invalid escape sequence '\{'
<string>:509: SyntaxWarning: invalid escape sequence '\{'
<string>:510: SyntaxWarning: invalid escape sequence '\{'
<string>:545: SyntaxWarning: invalid escape sequence '\{'
<string>:546: SyntaxWarning: invalid escape sequence '\{'
<string>:547: SyntaxWarning: invalid escape sequence '\{'
<string>:554: SyntaxWarning: invalid escape sequence '\{'
<string>:555: SyntaxWarning: invalid escape sequence '\{'
<string>:556: SyntaxWarning: invalid escape sequence '\{'
<string>:557: SyntaxWarning: invalid escape sequence '\{'
<string>:558: SyntaxWarning: invalid escape sequence '\{'
<string>:566: SyntaxWarning: invalid escape sequence '\{'
<string>:567: SyntaxWarning: invalid escape sequence '\{'
<string>:568: SyntaxWarning: invalid escape sequence '\{'
<string>:569: SyntaxWarning: invalid escape sequence '\{'
<string>:570: SyntaxWarning: invalid escape sequence '\}'
<string>:572: SyntaxWarning: invalid escape sequence '\{'
<string>:573: SyntaxWarning: invalid escape sequence '\{'
<string>:574: SyntaxWarning: invalid escape sequence '\{'
<string>:575: SyntaxWarning: invalid escape sequence '\{'
<string>:576: SyntaxWarning: invalid escape sequence '\}'
<string>:578: SyntaxWarning: invalid escape sequence '\{'
<string>:579: SyntaxWarning: invalid escape sequence '\{'
<string>:580: SyntaxWarning: invalid escape sequence '\{'
<string>:581: SyntaxWarning: invalid escape sequence '\}'
<string>:583: SyntaxWarning: invalid escape sequence '\{'
<string>:584: SyntaxWarning: invalid escape sequence '\{'
<string>:585: SyntaxWarning: invalid escape sequence '\{'
<string>:586: SyntaxWarning: invalid escape sequence '\{'
<string>:587: SyntaxWarning: invalid escape sequence '\}'
<string>:733: SyntaxWarning: invalid escape sequence '\{'
<string>:1027: SyntaxWarning: invalid escape sequence '\{'
<string>:1063: SyntaxWarning: invalid escape sequence '\{'
<string>:1064: SyntaxWarning: invalid escape sequence '\{'
<string>:1065: SyntaxWarning: invalid escape sequence '\{'
<string>:1066: SyntaxWarning: invalid escape sequence '\{'
<string>:1067: SyntaxWarning: invalid escape sequence '\{'
<string>:1068: SyntaxWarning: invalid escape sequence '\{'
<string>:1071: SyntaxWarning: invalid escape sequence '\{'
<string>:1072: SyntaxWarning: invalid escape sequence '\{'
<string>:1073: SyntaxWarning: invalid escape sequence '\{'
<string>:1083: SyntaxWarning: invalid escape sequence '\{'
<string>:1084: SyntaxWarning: invalid escape sequence '\{'
<string>:1115: SyntaxWarning: invalid escape sequence '\{'
<string>:1116: SyntaxWarning: invalid escape sequence '\{'
<string>:1119: SyntaxWarning: invalid escape sequence '\{'
<string>:1120: SyntaxWarning: invalid escape sequence '\{'
<string>:1121: SyntaxWarning: invalid escape sequence '\{'
<string>:1122: SyntaxWarning: invalid escape sequence '\{'
<string>:1123: SyntaxWarning: invalid escape sequence '\{'
<string>:1124: SyntaxWarning: invalid escape sequence '\{'
<string>:1138: SyntaxWarning: invalid escape sequence '\{'
<string>:1139: SyntaxWarning: invalid escape sequence '\{'
<string>:1140: SyntaxWarning: invalid escape sequence '\{'
<string>:1164: SyntaxWarning: invalid escape sequence '\{'
<string>:1165: SyntaxWarning: invalid escape sequence '\{'
<string>:1168: SyntaxWarning: invalid escape sequence '\{'
<string>:1169: SyntaxWarning: invalid escape sequence '\{'
[replay] 48 ops: 20 succeeded, 28 failed
[replay] FUSE mounted at /tmp/replay_fuse_1518195
[replay] config.json → /tmp/replay_config_1518195.json
[replay] config contents:
{"annotations":{"module.wasm.image/variant":"2024-01-01T00:00:00Z"},"hostname":"container","linux":{"namespaces":[{"type":"mount"}],"readonlyPaths":["/proc/sys","/proc/sysrq-trigger"],"resources":{"cpu":{"period":100000,"quota":-1},"hugepageLimits":[{"limit":0,"pageSize":"2MB"}],"memory":{"limit":134217728,"swap":268435456},"pids":{"limit":-1}},"seccomp":{"architectures":["SCMP_ARCH_X86_64","SCMP_ARCH_AARCH64"],"defaultAction":"SCMP_ACT_LOG","syscalls":[{"action":"SCMP_ACT_TRACE","names":["read","write","readv","writev","pread64","pwrite64"]},{"action":"SCMP_ACT_TRACE","names":["read","write","readv","writev","pread64","pwrite64"]},{"action":"SCMP_ACT_TRACE","names":["read","write","readv","writev","pread64","pwrite64"]},{"action":"SCMP_ACT_TRACE","names":["read","write","readv","writev","pread64","pwrite64"]},{"action":"SCMP_ACT_TRACE","names":["read","write","readv","writev","pread64","pwrite64"]},{"action":"SCMP_ACT_TRACE","names":["read","write","readv","writev","pread64","pwrite64"]},{"action":"SCMP_ACT_TRACE","names":["read","write","readv","writev","pread64","pwrite64"]},{"action":"SCMP_ACT_TRACE","names":["read","write","readv","writev","pread64","pwrite64"]},{"action":"SCMP_ACT_TRACE","names":["open","openat","openat2","open_by_handle_at"]},{"action":"SCMP_ACT_NOTIFY","args":[{"index":1,"op":"SCMP_CMP_LE","value":0}],"names":["mprotect","mmap","mmap2"]},{"action":"SCMP_ACT_ERRNO","args":[{"index":1,"op":"SCMP_CMP_LE","value":0}],"names":["pivot_root"]},{"action":"SCMP_ACT_TRACE","names":["mmap","munmap"]},{"action":"SCMP_ACT_TRACE","names":["socket","bind","listen"]},{"action":"SCMP_ACT_ALLOW","args":[{"index":2,"op":"SCMP_CMP_NE","value":0},{"index":1,"op":"SCMP_CMP_NE","value":0},{"index":5,"op":"SCMP_CMP_NE","value":4096},{"index":1,"op":"SCMP_CMP_GE","value":0},{"index":1,"op":"SCMP_CMP_NE","value":0},{"index":1,"op":"SCMP_CMP_MASKED_EQ","value":4294967295,"valueTwo":4294967295},{"index":1,"op":"SCMP_CMP_NE","value":0},{"index":1,"op":"SCMP_CMP_NE","value":0},{"index":1,"op":"SCMP_CMP_NE","value":0},{"index":1,"op":"SCMP_CMP_GE","value":0},{"index":2,"op":"SCMP_CMP_LE","value":65536}],"names":["kill","tkill","tgkill"]}]},"sysctl":{}},"mounts":[{"destination":"/dev","options":["nosuid","nosuid","nosuid","private","rprivate"],"source":"/tmp/fuzz_bind_src/dir","type":"tmpfs"}],"ociVersion":"1.0.0","platform":{"arch":"arm64","os":"linux"},"process":{"args":["/bin/sh"],"cwd":"/home/user","env":["PATH=/usr/local/sbin:/usr/local/bin:/usr/sbin:/usr/bin:/sbin:/bin"],"rlimits":[{"hard":4096,"soft":0,"type":"RLIMIT_DATA"},{"hard":0,"soft":0,"type":"RLIMIT_RSS"}],"terminal":false,"user":{"gid":85296602,"uid":1000}},"root":{"path":"/tmp/replay_fuse_1518195","readonly":false}}
[combined_110] ✗ No crash — exit code 0
