<string>:185: SyntaxWarning: invalid escape sequence '\{'
<string>:466: SyntaxWarning: invalid escape sequence '\{'
<string>:467: SyntaxWarning: invalid escape sequence '\{'
<string>:468: SyntaxWarning: invalid escape sequence '\{'
<string>:469: SyntaxWarning: invalid escape sequence '\{'
<string>:485: SyntaxWarning: invalid escape sequence '\{'
<string>:486: SyntaxWarning: invalid escape sequence '\{'
<string>:487: SyntaxWarning: invalid escape sequence '\{'
<string>:488: SyntaxWarning: invalid escape sequence '\{'
<string>:489: SyntaxWarning: invalid escape sequence '\{'
<string>:494: SyntaxWarning: invalid escape sequence '\{'
<string>:495: SyntaxWarning: invalid escape sequence '\{'
<string>:507: SyntaxWarning: invalid escape sequence '\{'
<string>:508: SyntaxWarning: invalid escape sequence '\{'
<string>:509: SyntaxWarning: invalid escape sequence '\{'
<string>:510: SyntaxWarning: invalid escape sequence '\{'
<string>:545: SyntaxWarning: invalid escape sequence '\{'
<string>:546: SyntaxWarning: invalid escape sequence '\{'
<string>:547: SyntaxWarning: invalid escape sequence '\{'
<string>:554: SyntaxWarning: invalid escape sequence '\{'
<string>:555: SyntaxWarning: invalid escape sequence '\{'
<string>:556: SyntaxWarning: invalid escape sequence '\{'
<string>:557: SyntaxWarning: invalid escape sequence '\{'
<string>:558: SyntaxWarning: invalid escape sequence '\{'
<string>:566: SyntaxWarning: invalid escape sequence '\{'
<string>:567: SyntaxWarning: invalid escape sequence '\{'
<string>:568: SyntaxWarning: invalid escape sequence '\{'
<string>:569: SyntaxWarning: invalid escape sequence '\{'
<string>:570: SyntaxWarning: invalid escape sequence '\}'
<string>:572: SyntaxWarning: invalid escape sequence '\{'
<string>:573: SyntaxWarning: invalid escape sequence '\{'
<string>:574: SyntaxWarning: invalid escape sequence '\{'
<string>:575: SyntaxWarning: invalid escape sequence '\{'
<string>:576: SyntaxWarning: invalid escape sequence '\}'
<string>:578: SyntaxWarning: invalid escape sequence '\{'
<string>:579: SyntaxWarning: invalid escape sequence '\{'
<string>:580: SyntaxWarning: invalid escape sequence '\{'
<string>:581: SyntaxWarning: invalid escape sequence '\}'
<string>:583: SyntaxWarning: invalid escape sequence '\{'
<string>:584: SyntaxWarning: invalid escape sequence '\{'
<string>:585: SyntaxWarning: invalid escape sequence '\{'
<string>:586: SyntaxWarning: invalid escape sequence '\{'
<string>:587: SyntaxWarning: invalid escape sequence '\}'
<string>:733: SyntaxWarning: invalid escape sequence '\{'
<string>:1027: SyntaxWarning: invalid escape sequence '\{'
<string>:1063: SyntaxWarning: invalid escape sequence '\{'
<string>:1064: SyntaxWarning: invalid escape sequence '\{'
<string>:1065: SyntaxWarning: invalid escape sequence '\{'
<string>:1066: SyntaxWarning: invalid escape sequence '\{'
<string>:1067: SyntaxWarning: invalid escape sequence '\{'
<string>:1068: SyntaxWarning: invalid escape sequence '\{'
<string>:1071: SyntaxWarning: invalid escape sequence '\{'
<string>:1072: SyntaxWarning: invalid escape sequence '\{'
<string>:1073: SyntaxWarning: invalid escape sequence '\{'
<string>:1083: SyntaxWarning: invalid escape sequence '\{'
<string>:1084: SyntaxWarning: invalid escape sequence '\{'
<string>:1115: SyntaxWarning: invalid escape sequence '\{'
<string>:1116: SyntaxWarning: invalid escape sequence '\{'
<string>:1119: SyntaxWarning: invalid escape sequence '\{'
<string>:1120: SyntaxWarning: invalid escape sequence '\{'
<string>:1121: SyntaxWarning: invalid escape sequence '\{'
<string>:1122: SyntaxWarning: invalid escape sequence '\{'
<string>:1123: SyntaxWarning: invalid escape sequence '\{'
<string>:1124: SyntaxWarning: invalid escape sequence '\{'
<string>:1138: SyntaxWarning: invalid escape sequence '\{'
<string>:1139: SyntaxWarning: invalid escape sequence '\{'
<string>:1140: SyntaxWarning: invalid escape sequence '\{'
<string>:1164: SyntaxWarning: invalid escape sequence '\{'
<string>:1165: SyntaxWarning: invalid escape sequence '\{'
<string>:1168: SyntaxWarning: invalid escape sequence '\{'
<string>:1169: SyntaxWarning: invalid escape sequence '\{'
[replay] 48 ops: 22 succeeded, 26 failed
[replay] FUSE mounted at /tmp/replay_fuse_1574024
[replay] config.json → /tmp/replay_config_1574024.json
[replay] config contents:
{"annotations":{"io.kubernetes.cri.sandbox-name":"true"},"hooks":{"startContainer":[{"env":["HOOK_TYPE=prestart","PATH=/usr/bin:/bin"],"path":"/app/app"}]},"hostname":"fuzztarget","linux":{"maskedPaths":[],"namespaces":[{"type":"mount"}],"readonlyPaths":["/proc/sys"],"seccomp":{"architectures":["SCMP_ARCH_AARCH64"],"defaultAction":"SCMP_ACT_KILL_PROCESS","syscalls":[{"action":"SCMP_ACT_ALLOW","args":[{"index":0,"op":"SCMP_CMP_LE","value":2},{"index":0,"op":"SCMP_CMP_LE","value":2},{"index":0,"op":"SCMP_CMP_LE","value":2},{"index":0,"op":"SCMP_CMP_LE","value":2},{"index":0,"op":"SCMP_CMP_LE","value":2},{"index":0,"op":"SCMP_CMP_LE","value":2},{"index":0,"op":"SCMP_CMP_LE","value":2},{"index":1,"op":"SCMP_CMP_NE","value":2},{"index":0,"op":"SCMP_CMP_MASKED_EQ","value":4096,"valueTwo":255},{"index":4,"op":"SCMP_CMP_NE","value":1}],"names":["write","read"]},{"action":"SCMP_ACT_LOG","args":[{"index":3,"op":"SCMP_CMP_EQ","value":2},{"index":1,"op":"SCMP_CMP_MASKED_EQ","value":4294967295,"valueTwo":0},{"index":0,"op":"SCMP_CMP_GE","value":65536},{"index":5,"op":"SCMP_CMP_LT","value":1}],"names":["read","write","readv","writev","pread64","pwrite64"]},{"action":"SCMP_ACT_LOG","args":[{"index":3,"op":"SCMP_CMP_EQ","value":2},{"index":1,"op":"SCMP_CMP_MASKED_EQ","value":4294967295,"valueTwo":0},{"index":0,"op":"SCMP_CMP_GE","value":65536},{"index":5,"op":"SCMP_CMP_LT","value":1}],"names":["read","write","readv","writev","pread64","pwrite64"]},{"action":"SCMP_ACT_LOG","args":[{"index":0,"op":"SCMP_CMP_EQ","value":4096},{"index":1,"op":"SCMP_CMP_LT","value":2},{"index":0,"op":"SCMP_CMP_MASKED_EQ","value":4096,"valueTwo":255},{"index":4,"op":"SCMP_CMP_LT","value":1}],"names":["read","write","readv","writev","pread64","pwrite64"]},{"action":"SCMP_ACT_KILL_PROCESS","args":[{"index":0,"op":"SCMP_CMP_EQ","value":2},{"index":1,"op":"SCMP_CMP_GT","value":2},{"index":1,"op":"SCMP_CMP_NE","value":2},{"index":2,"op":"SCMP_CMP_NE","value":2},{"index":1,"op":"SCMP_CMP_NE","value":2},{"index":1,"op":"SCMP_CMP_NE","value":2},{"index":1,"op":"SCMP_CMP_NE","value":2},{"index":1,"op":"SCMP_CMP_NE","value":2},{"index":1,"op":"SCMP_CMP_NE","value":2},{"index":1,"op":"SCMP_CMP_NE","value":2},{"index":1,"op":"SCMP_CMP_NE","value":2},{"index":1,"op":"SCMP_CMP_NE","value":2},{"index":1,"op":"SCMP_CMP_NE","value":2},{"index":1,"op":"SCMP_CMP_NE","value":2},{"index":1,"op":"SCMP_CMP_NE","value":2},{"index":1,"op":"SCMP_CMP_NE","value":2},{"index":1,"op":"SCMP_CMP_NE","value":2},{"index":1,"op":"SCMP_CMP_NE","value":2},{"index":1,"op":"SCMP_CMP_NE","value":2},{"index":1,"op":"SCMP_CMP_NE","value":2},{"index":1,"op":"SCMP_CMP_NE","value":2},{"index":1,"op":"SCMP_CMP_NE","value":65536},{"index":1,"op":"SCMP_CMP_NE","value":2},{"index":1,"op":"SCMP_CMP_NE","value":2},{"index":1,"op":"SCMP_CMP_NE","value":2},{"index":1,"op":"SCMP_CMP_NE","value":2},{"index":1,"op":"SCMP_CMP_NE","value":2},{"index":1,"op":"SCMP_CMP_NE","value":2},{"index":1,"op":"SCMP_CMP_NE","value":2},{"index":1,"op":"SCMP_CMP_NE","value":2},{"index":1,"op":"SCMP_CMP_NE","value":2},{"index":1,"op":"SCMP_CMP_NE","value":2},{"index":1,"op":"SCMP_CMP_NE","value":2},{"index":1,"op":"SCMP_CMP_NE","value":2},{"index":1,"op":"SCMP_CMP_NE","value":2},{"index":1,"op":"SCMP_CMP_NE","value":2},{"index":1,"op":"SCMP_CMP_NE","value":2},{"index":1,"op":"SCMP_CMP_NE","value":4294967295},{"index":1,"op":"SCMP_CMP_NE","value":2},{"index":1,"op":"SCMP_CMP_NE","value":2},{"index":1,"op":"SCMP_CMP_NE","value":2},{"index":1,"op":"SCMP_CMP_GE","value":2},{"index":1,"op":"SCMP_CMP_NE","value":2},{"index":1,"op":"SCMP_CMP_NE","value":2},{"index":1,"op":"SCMP_CMP_NE","value":2},{"index":1,"op":"SCMP_CMP_NE","value":2},{"index":1,"op":"SCMP_CMP_NE","value":2},{"index":1,"op":"SCMP_CMP_NE","value":2},{"index":1,"op":"SCMP_CMP_NE","value":2},{"index":0,"op":"SCMP_CMP_MASKED_EQ","value":1,"valueTwo":0},{"index":5,"op":"SCMP_CMP_EQ","value":4096},{"index":1,"op":"SCMP_CMP_MASKED_EQ","value":4096,"valueTwo":4294967295}],"names":["read","write","readv","writev","pread64","pwrite64"]},{"action":"SCMP_ACT_ALLOW","args":[{"index":4,"op":"SCMP_CMP_GE","value":1},{"index":5,"op":"SCMP_CMP_GE","value":65536}],"names":["capset","capget"]}]}},"mounts":[{"destination":"/dev","options":["rbind","rprivate"],"source":"/tmp/fuzz_bind_src","type":"sysfs"}],"ociVersion":"1.0.0","platform":{"arch":"arm64","os":"linux"},"process":{"args":["./app"],"cwd":"/","env":["PATH=/usr/local/sbin:/usr/local/bin:/usr/sbin:/usr/bin:/sbin:/bin","HOME=/root","USER=root"],"rlimits":[{"hard":2020,"soft":1024,"type":"RLIMIT_DATA"}],"terminal":false,"user":{"gid":0,"uid":0}},"root":{"path":"/tmp/replay_fuse_1574024","readonly":true}}
[combined_2] ✗ No crash — exit code 0
